# Experiment Log

Recorded 2026-08-22. Training is FP32 on GPU; `Int8_infer.py` evaluates weight-only INT8 fake-quant on CPU (`SCALE = 128`, Q1.7).

- GPU: NVIDIA GeForce RTX 4060
- PyTorch: 2.13.0+cu130
- Dataset: MNIST

## MLP

Checkpoint: `MLP/mnist_mlp_model.pth`

| Precision | Accuracy |
|-----------|----------|
| FP32      | 97.98%   |
| INT8      | 98.03%   |

Clipped weights: 0

| Layer      | Count  | MSR-3   | MSR-4   | MSR-5  | MSR-6  | MSR-7  |
|------------|-------:|--------:|--------:|-------:|-------:|-------:|
| fc1.weight | 401408 | 100.00% | 99.99%  | 98.93% | 78.01% | 41.71% |
| fc2.weight | 131072 | 100.00% | 99.97%  | 92.87% | 59.84% | 31.39% |
| fc3.weight |   2560 | 100.00% | 97.46%  | 58.44% | 26.21% | 13.16% |
| Total      | 535040 | 100.00% | 99.97%  | 97.25% | 73.31% | 39.04% |

- MSR-4 = **99.97%**
- Non-MSR-4 / 256 = **0.1**

## LeNet

Checkpoint: `LeNet/mnist_lenet_model.pth`

| Precision | Accuracy |
|-----------|----------|
| FP32      | 97.97%   |
| INT8      | 97.90%   |

Clipped weights: 0

| Layer        | Count | MSR-3   | MSR-4  | MSR-5  | MSR-6  | MSR-7  |
|--------------|------:|--------:|-------:|-------:|-------:|-------:|
| conv1.weight |   150 |  84.00% | 43.33% | 24.67% | 14.00% |  6.00% |
| conv2.weight |  2400 | 100.00% | 94.00% | 61.21% | 32.17% | 17.29% |
| fc1.weight   | 48000 | 100.00% | 99.95% | 93.57% | 58.40% | 29.99% |
| fc2.weight   | 10080 | 100.00% | 97.24% | 62.74% | 31.83% | 16.01% |
| fc3.weight   |   840 | 100.00% | 84.05% | 41.31% | 19.76% | 10.71% |
| Total        | 61470 |  99.96% | 98.91% | 86.37% | 52.38% | 26.88% |

- MSR-4 = **98.91%**
- Non-MSR-4 / 256 = **2.8**

## ResNet-18

Checkpoint: `ResNet/mnist_resnet18_model.pth`

| Precision | Accuracy |
|-----------|----------|
| FP32      | 99.65%   |
| INT8      | 99.64%   |

Clipped weights: 1

| Layer                    | Count    | MSR-3   | MSR-4   | MSR-5  | MSR-6  | MSR-7 |
|--------------------------|---------:|--------:|--------:|-------:|-------:|------:|
| conv1.weight             |      576 |  87.33% |  50.87% | 24.48% | 13.37% |  8.33% |
| layer1.0.conv1.weight    |    36864 | 100.00% |  99.94% | 96.85% | 83.63% | 64.52% |
| layer1.0.conv2.weight    |    36864 | 100.00% |  99.94% | 97.14% | 83.22% | 62.27% |
| layer1.1.conv1.weight    |    36864 | 100.00% |  99.99% | 98.89% | 90.82% | 74.72% |
| layer1.1.conv2.weight    |    36864 | 100.00% |  99.99% | 98.92% | 90.44% | 72.63% |
| layer2.0.conv1.weight    |    73728 | 100.00% |  99.97% | 98.84% | 92.27% | 78.49% |
| layer2.0.conv2.weight    |   147456 | 100.00% |  99.97% | 98.72% | 92.23% | 80.88% |
| layer2.0.shortcut.0.weight |   8192 |  99.99% |  98.14% | 84.08% | 62.48% | 42.72% |
| layer2.1.conv1.weight    |   147456 | 100.00% |  99.98% | 99.13% | 94.05% | 83.44% |
| layer2.1.conv2.weight    |   147456 | 100.00% |  99.99% | 99.24% | 94.26% | 83.18% |
| layer3.0.conv1.weight    |   294912 | 100.00% |  99.99% | 99.56% | 96.63% | 89.58% |
| layer3.0.conv2.weight    |   589824 | 100.00% |  99.99% | 99.65% | 97.36% | 92.00% |
| layer3.0.shortcut.0.weight |  32768 | 100.00% |  99.46% | 93.71% | 80.52% | 65.84% |
| layer3.1.conv1.weight    |   589824 | 100.00% |  99.99% | 99.46% | 96.93% | 92.01% |
| layer3.1.conv2.weight    |   589824 | 100.00% |  99.99% | 99.73% | 98.02% | 94.04% |
| layer4.0.conv1.weight    |  1179648 | 100.00% | 100.00% | 99.86% | 99.18% | 97.79% |
| layer4.0.conv2.weight    |  2359296 | 100.00% | 100.00% | 99.99% | 99.71% | 98.57% |
| layer4.0.shortcut.0.weight | 131072 | 100.00% |  99.99% | 99.40% | 94.96% | 84.10% |
| layer4.1.conv1.weight    |  2359296 | 100.00% | 100.00% | 100.00% | 99.94% | 99.57% |
| layer4.1.conv2.weight    |  2359296 | 100.00% | 100.00% | 100.00% | 99.94% | 99.53% |
| fc.weight                |     5120 |  99.94% |  87.77% | 49.12% | 24.55% | 12.64% |
| Total                    | 11163200 | 100.00% |  99.99% | 99.77% | 98.67% | 96.21% |

- MSR-4 = **99.99%**
- Non-MSR-4 / 256 = **0.0**

## AlexNet

Checkpoint: `AlexNet/mnist_alexnet_model.pth`

| Precision | Accuracy |
|-----------|----------|
| FP32      | 99.64%   |
| INT8      | 99.63%   |

Clipped weights: 0

| Layer               | Count    | MSR-3   | MSR-4   | MSR-5  | MSR-6  | MSR-7  |
|---------------------|---------:|--------:|--------:|-------:|-------:|-------:|
| features.0.weight   |      576 |  83.68% |  43.40% | 20.66% |  9.72% |  5.38% |
| features.3.weight   |   110592 |  99.99% |  99.48% | 96.53% | 92.05% | 88.37% |
| features.6.weight   |   663552 | 100.00% |  99.85% | 99.09% | 98.03% | 97.00% |
| features.8.weight   |   884736 | 100.00% |  99.87% | 99.06% | 97.68% | 96.19% |
| features.10.weight  |   589824 | 100.00% |  99.84% | 98.49% | 95.70% | 92.54% |
| classifier.1.weight |  9437184 | 100.00% | 100.00% | 99.90% | 99.31% | 98.00% |
| classifier.4.weight | 16777216 | 100.00% | 100.00% | 99.97% | 99.83% | 99.48% |
| classifier.6.weight |    40960 | 100.00% |  99.61% | 97.67% | 94.27% | 88.92% |
| Total               | 28504640 | 100.00% |  99.98% | 99.85% | 99.42% | 98.62% |

- MSR-4 = **99.98%**
- Non-MSR-4 / 256 = **0.0**
